android.activity
android.app
android.appwidget
android.bluetooth
android.content
android.database
android.graphics
android.hardware
android.location
android.media
android.net
android.nfc
android.os
android.provider
android.support.v4
android.support.v7
android.telephony
android.text
android.util
android.view
android.webkit
android.widget
com.google.android.gms.common
com.google.android.gms.ads
com.google.android.gms.analytics
com.google.android.gms.appindexing
com.google.android.gms.cast
com.google.android.gms.drive
com.google.android.gms.games
com.google.android.gms.location
com.google.android.gms.nearby
com.google.android.gms.wallet
com.google.android.gms.wearable
org.apache.http
org.json
org.jsoup
org.w3c.dom
androidx.activity
androidx.annotation
androidx.appcompat
androidx.arch
androidx.cardview
androidx.collection
androidx.concurrent
androidx.constraintlayout
androidx.coordinatorlayout
androidx.core
androidx.cursoradapter
androidx.customview
androidx.documentfile
androidx.drawerlayout
androidx.dynamicanimation
androidx.emoji2
androidx.fragment
androidx.interpolator
androidx.legacy
androidx.lifecycle
androidx.loader
androidx.localbroadcastmanager
androidx.navigation
androidx.print
androidx.profileinstaller
androidx.recyclerview
androidx.resourceinspection
androidx.savedstate
androidx.slidingpanelayout
androidx.startup
androidx.tracing
androidx.transition
androidx.vectordrawable
androidx.versionedparcelable
androidx.viewbinding
androidx.viewpager
androidx.viewpager2
androidx.window
com.google
kotlin
kotlinx
org.intellij
org.jetbrains